LexToken(STARTTERM,'EXPR',1,0)
LexToken(ARROW,'→',1,6)
LexToken(STARTTERM,'EXPR',1,7)
LexToken(TERM,'+',1,13)
LexToken(NTERM,'FACTOR',1,16)
LexToken(SEPARATOR,'±',1,24)
LexToken(NTERM,'FACTOR',2,0)
LexToken(ARROW,'→',2,8)
LexToken(NTERM,'FACTOR',2,9)
LexToken(TERM,'*',2,17)
LexToken(NTERM,'NUM',2,20)
LexToken(SEPARATOR,'±',2,25)
LexToken(NTERM,'NUM',3,0)
LexToken(ARROW,'→',3,5)
LexToken(TERM,'1',3,6)
LexToken(SEPARATOR,'±',3,9)
LexToken(NTERM,'NUM',4,0)
LexToken(ARROW,'→',4,5)
LexToken(TERM,'2',4,6)
LexToken(SEPARATOR,'±',4,9)
LexToken(NTERM,'NUM',5,0)
LexToken(ARROW,'→',5,5)
LexToken(TERM,'3',5,6)
LexToken(SEPARATOR,'±',5,9)
LexToken(NTERM,'NUM',6,0)
LexToken(ARROW,'→',6,5)
LexToken(TERM,'4',6,6)
LexToken(SEPARATOR,'±',6,9)
LexToken(NTERM,'NUM',7,0)
LexToken(ARROW,'→',7,5)
LexToken(TERM,'5',7,6)
LexToken(SEPARATOR,'±',7,9)
LexToken(NTERM,'NUM',8,0)
LexToken(ARROW,'→',8,5)
LexToken(TERM,'6',8,6)
LexToken(SEPARATOR,'±',8,9)
LexToken(NTERM,'NUM',9,0)
LexToken(ARROW,'→',9,5)
LexToken(TERM,'7',9,6)
LexToken(SEPARATOR,'±',9,9)
LexToken(NTERM,'NUM',10,0)
LexToken(ARROW,'→',10,5)
LexToken(TERM,'8',10,6)
LexToken(SEPARATOR,'±',10,9)
LexToken(NTERM,'NUM',11,0)
LexToken(ARROW,'→',11,5)
LexToken(TERM,'9',11,6)
LexToken(SEPARATOR,'±',11,9)
