LexToken(STARTTERM,'S',1,0)
LexToken(ARROW,'→',1,3)
LexToken(TERM,'(',1,4)
LexToken(STARTTERM,'S',1,7)
LexToken(TERM,')',1,10)
LexToken(SEPARATOR,'±',1,13)
LexToken(STARTTERM,'S',2,0)
LexToken(ARROW,'→',2,3)
LexToken(EPSILON,'ε',2,4)
LexToken(SEPARATOR,'±',2,5)
LexToken(STARTTERM,'S',3,0)
LexToken(ARROW,'→',3,3)
LexToken(STARTTERM,'S',3,4)
LexToken(STARTTERM,'S',3,7)
LexToken(SEPARATOR,'±',3,10)
