LexToken(STARTTERM,'S',1,0)
LexToken(ARROW,'→',1,3)
LexToken(EPSILON,'ε',1,4)
LexToken(SEPARATOR,'±',1,5)
LexToken(STARTTERM,'S',2,0)
LexToken(ARROW,'→',2,3)
LexToken(TERM,'a',2,4)
LexToken(STARTTERM,'S',2,7)
LexToken(TERM,'a',2,10)
LexToken(SEPARATOR,'±',2,13)
LexToken(STARTTERM,'S',3,0)
LexToken(ARROW,'→',3,3)
LexToken(TERM,'b',3,4)
LexToken(STARTTERM,'S',3,7)
LexToken(TERM,'b',3,10)
LexToken(SEPARATOR,'±',3,13)
LexToken(STARTTERM,'S',4,0)
LexToken(ARROW,'→',4,3)
LexToken(TERM,'c',4,4)
LexToken(STARTTERM,'S',4,7)
LexToken(TERM,'c',4,10)
LexToken(SEPARATOR,'±',4,13)
LexToken(STARTTERM,'S',5,0)
LexToken(ARROW,'→',5,3)
LexToken(TERM,'a',5,4)
LexToken(SEPARATOR,'±',5,7)
LexToken(STARTTERM,'S',6,0)
LexToken(ARROW,'→',6,3)
LexToken(TERM,'b',6,4)
LexToken(SEPARATOR,'±',6,7)
LexToken(STARTTERM,'S',7,0)
LexToken(ARROW,'→',7,3)
LexToken(TERM,'c',7,4)
LexToken(SEPARATOR,'±',7,7)
