LexToken(START,'start',1,0)
LexToken(NONTERM,'AB',1,6)
LexToken(LINEBREAK,';',1,10)
LexToken(NONTERM,'AB',2,12)
LexToken(ARROW,'->',2,17)
LexToken(TERM,'AB',2,20)
LexToken(NONTERM,'AB',2,24)
LexToken(OR,'|',2,29)
LexToken(NONTERM,'AB',2,31)
LexToken(OR,'|',2,36)
LexToken(TERM,'AB',2,38)
LexToken(LINEBREAK,';',2,42)
LexToken(NONTERM,'AB',3,44)
LexToken(ARROW,'->',3,49)
LexToken(TERM,'CD',3,52)
LexToken(LINEBREAK,';',3,56)
